Microchip MPLAB XC8 Compiler V2.10 ()

Linker command line:

-W-3 --edf=C:\Program Files (x86)\Microchip\xc8\v2.10\pic\dat\en_msgs.txt \
  -cs -h+dist/default/production\PW2020Pic.X.production.sym \
  --cmf=dist/default/production\PW2020Pic.X.production.cmf -z -Q16F877A \
  -oC:\Users\PC\AppData\Local\Temp\sd48.2 --defsym=__MPLAB_BUILD=1 \
  -Mdist/default/production/PW2020Pic.X.production.map -E1 -ver=XC8 \
  --acfsm=1493 -ASTACK=0110h-016Fh -pstack=STACK -ACODE=00h-07FFhx4 \
  -ASTRCODE=00h-01FFFh -ASTRING=00h-0FFhx32 -ACONST=00h-0FFhx32 \
  -AENTRY=00h-0FFhx32 -ACOMMON=070h-07Fh -ABANK0=020h-06Fh \
  -ABANK1=0A0h-0EFh -ABANK2=0110h-016Fh -ABANK3=0190h-01EFh \
  -ARAM=020h-06Fh,0A0h-0EFh,0110h-016Fh,0190h-01EFh \
  -AABS1=020h-07Fh,0A0h-0EFh,0110h-016Fh,0190h-01EFh -ASFR0=00h-01Fh \
  -ASFR1=080h-09Fh -ASFR2=0100h-010Fh -ASFR3=0180h-018Fh \
  -preset_vec=00h,intentry=04h,init,end_init -ppowerup=CODE -pcinit=CODE \
  -pfunctab=ENTRY -ACONFIG=02007h-02007h -pconfig=CONFIG -DCONFIG=2 \
  -AIDLOC=02000h-02003h -pidloc=IDLOC -DIDLOC=2 -AEEDATA=00h-0FFh/02100h \
  -peeprom_data=EEDATA -DEEDATA=2 -DCODE=2 -DSTRCODE=2 -DSTRING=2 -DCONST=2 \
  -DENTRY=2 -k C:\Users\PC\AppData\Local\Temp\sd48.o \
  dist/default/production\PW2020Pic.X.production.o 

Object code version is 3.11

Machine type is 16F877A



                Name                               Link     Load   Length Selector   Space Scale
C:\Users\PC\AppData\Local\Temp\sd48.o
                end_init                             16       16        3        8       0
                reset_vec                             0        0        3        0       0
                config                             2007     2007        1     400E       0
dist/default/production\PW2020Pic.X.production.o
                cinit                                19       19       30        8       0
                intentry                              4        4       12        8       0
                text15                              4CA      4CA       67        8       0
                text14                              531      531       59        8       0
                text13                              6EA      6EA       20        8       0
                text12                              6A9      6A9       21        8       0
                text11                              6CA      6CA       20        8       0
                text10                              1D4      1D4      13D        8       0
                text9                               311      311      11C        8       0
                text8                               42D      42D       9D        8       0
                text7                               625      625       3A        8       0
                text6                               74A      74A        F        8       0
                text5                               65F      65F       28        8       0
                text4                               58A      58A       57        8       0
                text3                               73A      73A       10        8       0
                text2                               70A      70A       1D        8       0
                text1                               687      687       22        8       0
                maintext                             49       49      18B        8       0
                cstackBANK0                          20       20       4F       20       1
                cstackCOMMON                         70       70        C       70       1
                cstackBANK1                          A0       A0       21       A0       1
                clrtext                             759      759        8        8       0
                inittext                            727      727       13        8       0
                dataBANK3                           190      190       44      190       1
                dataBANK1                            DD       DD        6       A0       1
                bssBANK1                             C1       C1       1C       A0       1
                bssBANK0                             6F       6F        1       20       1
                dataCOMMON                           7D       7D        1       70       1
                bssCOMMON                            7C       7C        1       70       1
                idataBANK3                          5E1      5E1       44        8       0
                idataBANK1                          761      761        6        8       0
                idataCOMMON                         767      767        1        8       0

TOTAL           Name                               Link     Load   Length     Space
        CLASS   STACK          

        CLASS   CODE           
                end_init                             16       16        3         0
                cinit                                19       19       30         0
                intentry                              4        4       12         0
                reset_vec                             0        0        3         0
                text15                              4CA      4CA       67         0
                text14                              531      531       59         0
                text13                              6EA      6EA       20         0
                text12                              6A9      6A9       21         0
                text11                              6CA      6CA       20         0
                text10                              1D4      1D4      13D         0
                text9                               311      311      11C         0
                text8                               42D      42D       9D         0
                text7                               625      625       3A         0
                text6                               74A      74A        F         0
                text5                               65F      65F       28         0
                text4                               58A      58A       57         0
                text3                               73A      73A       10         0
                text2                               70A      70A       1D         0
                text1                               687      687       22         0
                maintext                             49       49      18B         0
                clrtext                             759      759        8         0
                inittext                            727      727       13         0
                idataBANK3                          5E1      5E1       44         0
                idataBANK1                          761      761        6         0
                idataCOMMON                         767      767        1         0

        CLASS   STRCODE        

        CLASS   STRING         

        CLASS   CONST          

        CLASS   ENTRY          

        CLASS   COMMON         
                cstackCOMMON                         70       70        C         1
                dataCOMMON                           7D       7D        1         1
                bssCOMMON                            7C       7C        1         1

        CLASS   BANK0          
                cstackBANK0                          20       20       4F         1
                bssBANK0                             6F       6F        1         1

        CLASS   BANK1          
                cstackBANK1                          A0       A0       21         1
                dataBANK1                            DD       DD        6         1
                bssBANK1                             C1       C1       1C         1

        CLASS   BANK2          

        CLASS   BANK3          
                dataBANK3                           190      190       44         1

        CLASS   RAM            

        CLASS   ABS1           
                abs_s1                               7E       7E        2         1

        CLASS   SFR0           

        CLASS   SFR1           

        CLASS   SFR2           

        CLASS   SFR3           

        CLASS   CONFIG         
                config                             2007     2007        1         0

        CLASS   IDLOC          

        CLASS   EEDATA         



SEGMENTS        Name                           Load    Length   Top    Selector   Space  Class     Delta

                reset_vec                      000000  000003  000003         0       0  CODE        2
                intentry                       000004  000764  000768         8       0  CODE        2
                cstackBANK0                    000020  000050  000070        20       1  BANK0       1
                cstackCOMMON                   000070  00000E  00007E        70       1  COMMON      1
                cstackBANK1                    0000A0  000043  0000E3        A0       1  BANK1       1
                dataBANK3                      000190  000044  0001D4       190       1  BANK3       1
                config                         002007  000001  002008      400E       0  CONFIG      2


UNUSED ADDRESS RANGES

        Name                Unused          Largest block    Delta
        BANK1            00E3-00EF              D           1
        BANK2            0110-016F             60           1
        BANK3            01D4-01EF             1C           1
        CODE             0003-0003              1           2
                         0768-1FFF            800
        CONST            0003-0003              1           2
                         0768-1FFF            100
        EEDATA           2100-21FF            100           2
        ENTRY            0003-0003              1           2
                         0768-1FFF            100
        IDLOC            2000-2003              4           2
        RAM              00E3-00EF              D           1
                         0110-016F             60
                         01D4-01EF             1C
        SFR0             0000-001F             20           1
        SFR1             0080-009F             20           1
        SFR2             0100-010F             10           1
        SFR3             0180-018F             10           1
        STACK            0110-016F             60           1
        STRCODE          0003-0003              1           2
                         0768-1FFF           1898
        STRING           0003-0003              1           2
                         0768-1FFF            100

                                  Symbol Table

?___aldiv                         cstackBANK1  00A7
?___awdiv                         cstackCOMMON 0070
?___awmod                         cstackCOMMON 0070
UART_TxChar@dato                  cstackBANK1  00A7
UART_init@baudrate                cstackBANK1  00B6
Uart_send_string@i                cstackBANK1  00AA
Uart_send_string@str              cstackBANK1  00A9
_ADCON0                           (abs)        001F
_ADCON0bits                       (abs)        001F
_ADCON1                           (abs)        009F
_ADRESH                           (abs)        001E
_ADRESL                           (abs)        009E
_GO_nDONE                         (abs)        00FA
_INTCON                           (abs)        000B
_INTCONbits                       (abs)        000B
_ISR                              text9        0311
_OPTION_REG                       (abs)        0081
_PIE1bits                         (abs)        008C
_PORTBbits                        (abs)        0006
_PORTD                            (abs)        0008
_PORTEbits                        (abs)        0009
_RCIF                             (abs)        0065
_RCREG                            (abs)        001A
_RCSTAbits                        (abs)        0018
_SPBRG                            (abs)        0099
_TMR0                             (abs)        0001
_TRISA                            (abs)        0085
_TRISB                            (abs)        0086
_TRISCbits                        (abs)        0087
_TRISD                            (abs)        0088
_TRISE                            (abs)        0089
_TXIF                             (abs)        0064
_TXREG                            (abs)        0019
_TXSTAbits                        (abs)        0098
_UART_TxChar                      text3        073A
_UART_init                        text7        0625
_Uart_send_string                 text2        070A
__CFG_BOREN$ON                    (abs)        0000
__CFG_CP$OFF                      (abs)        0000
__CFG_CPD$OFF                     (abs)        0000
__CFG_FOSC$HS                     (abs)        0000
__CFG_LVP$ON                      (abs)        0000
__CFG_PWRTE$ON                    (abs)        0000
__CFG_WDTE$OFF                    (abs)        0000
__CFG_WRT$OFF                     (abs)        0000
__Habs1                           abs1         0000
__Hbank0                          bank0        0000
__Hbank1                          bank1        0000
__Hbank2                          bank2        0000
__Hbank3                          bank3        0000
__HbssBANK0                       bssBANK0     0000
__HbssBANK1                       bssBANK1     0000
__HbssCOMMON                      bssCOMMON    0000
__Hcinit                          cinit        0049
__Hclrtext                        clrtext      0000
__Hcode                           code         0000
__Hcommon                         common       0000
__Hconfig                         config       2008
__HcstackBANK0                    cstackBANK0  0000
__HcstackBANK1                    cstackBANK1  0000
__HcstackCOMMON                   cstackCOMMON 0000
__HdataBANK1                      dataBANK1    0000
__HdataBANK3                      dataBANK3    0000
__HdataCOMMON                     dataCOMMON   0000
__Heeprom_data                    eeprom_data  0000
__Hend_init                       end_init     0019
__Hfunctab                        functab      0000
__HidataBANK1                     idataBANK1   0000
__HidataBANK3                     idataBANK3   0000
__HidataCOMMON                    idataCOMMON  0000
__Hidloc                          idloc        0000
__Hinit                           init         0016
__Hinittext                       inittext     0000
__Hintentry                       intentry     0016
__Hmaintext                       maintext     0000
__Hpowerup                        powerup      0000
__Hram                            ram          0000
__Hreset_vec                      reset_vec    0003
__Hsfr0                           sfr0         0000
__Hsfr1                           sfr1         0000
__Hsfr2                           sfr2         0000
__Hsfr3                           sfr3         0000
__Hspace_0                        (abs)        2008
__Hspace_1                        (abs)        01D4
__Hspace_2                        (abs)        0000
__Hspace_3                        (abs)        0000
__Hstack                          stack        0000
__Hstrings                        strings      0000
__Htext                           text         0000
__Labs1                           abs1         0000
__Lbank0                          bank0        0000
__Lbank1                          bank1        0000
__Lbank2                          bank2        0000
__Lbank3                          bank3        0000
__LbssBANK0                       bssBANK0     0000
__LbssBANK1                       bssBANK1     0000
__LbssCOMMON                      bssCOMMON    0000
__Lcinit                          cinit        0019
__Lclrtext                        clrtext      0000
__Lcode                           code         0000
__Lcommon                         common       0000
__Lconfig                         config       2007
__LcstackBANK0                    cstackBANK0  0000
__LcstackBANK1                    cstackBANK1  0000
__LcstackCOMMON                   cstackCOMMON 0000
__LdataBANK1                      dataBANK1    0000
__LdataBANK3                      dataBANK3    0000
__LdataCOMMON                     dataCOMMON   0000
__Leeprom_data                    eeprom_data  0000
__Lend_init                       end_init     0016
__Lfunctab                        functab      0000
__LidataBANK1                     idataBANK1   0000
__LidataBANK3                     idataBANK3   0000
__LidataCOMMON                    idataCOMMON  0000
__Lidloc                          idloc        0000
__Linit                           init         0016
__Linittext                       inittext     0000
__Lintentry                       intentry     0004
__Lmaintext                       maintext     0000
__Lpowerup                        powerup      0000
__Lram                            ram          0000
__Lreset_vec                      reset_vec    0000
__Lsfr0                           sfr0         0000
__Lsfr1                           sfr1         0000
__Lsfr2                           sfr2         0000
__Lsfr3                           sfr3         0000
__Lspace_0                        (abs)        0000
__Lspace_1                        (abs)        0000
__Lspace_2                        (abs)        0000
__Lspace_3                        (abs)        0000
__Lstack                          stack        0000
__Lstrings                        strings      0000
__Ltext                           text         0000
__S0                              (abs)        2008
__S1                              (abs)        01D4
__S2                              (abs)        0000
__S3                              (abs)        0000
___aldiv                          text8        042D
___aldiv@counter                  cstackBANK1  00B0
___aldiv@dividend                 cstackBANK1  00AB
___aldiv@divisor                  cstackBANK1  00A7
___aldiv@quotient                 cstackBANK1  00B2
___aldiv@sign                     cstackBANK1  00B1
___awdiv                          text15       04CA
___awdiv@counter                  cstackCOMMON 0075
___awdiv@dividend                 cstackCOMMON 0072
___awdiv@divisor                  cstackCOMMON 0070
___awdiv@quotient                 cstackCOMMON 0077
___awdiv@sign                     cstackCOMMON 0076
___awmod                          text14       0531
___awmod@counter                  cstackCOMMON 0075
___awmod@dividend                 cstackCOMMON 0072
___awmod@divisor                  cstackCOMMON 0070
___awmod@sign                     cstackCOMMON 0076
___int_sp                         stack        0000
___latbits                        (abs)        0002
___sp                             stack        0000
___stackhi                        (abs)        0000
___stacklo                        (abs)        0000
__end_of_ISR                      text9        042D
__end_of_UART_TxChar              text3        074A
__end_of_UART_init                text7        065F
__end_of_Uart_send_string         text2        0727
__end_of___aldiv                  text8        04CA
__end_of___awdiv                  text15       0531
__end_of___awmod                  text14       058A
__end_of__initialization          cinit        0045
__end_of_initPic                  text6        0759
__end_of_init_lcd                 text4        05E1
__end_of_main                     maintext     01D4
__end_of_messageTransmission      text1        06A9
__end_of_print_Countdown          text10       0311
__end_of_send_cmd                 text5        0687
__end_of_send_data                text13       070A
__end_of_send_string              text12       06CA
__end_ofi1_send_cmd               text11       06EA
__initialization                  cinit        0019
__pbssBANK0                       bssBANK0     006F
__pbssBANK1                       bssBANK1     00C1
__pbssCOMMON                      bssCOMMON    007C
__pcstackBANK0                    cstackBANK0  0020
__pcstackBANK1                    cstackBANK1  00A0
__pcstackCOMMON                   cstackCOMMON 0070
__pdataBANK1                      dataBANK1    00DD
__pdataBANK3                      dataBANK3    0190
__pdataCOMMON                     dataCOMMON   007D
__pidataBANK1                     idataBANK1   0761
__pidataBANK3                     idataBANK3   05E1
__pidataCOMMON                    idataCOMMON  0767
__pintentry                       intentry     0004
__pmaintext                       maintext     0049
__ptext1                          text1        0687
__ptext10                         text10       01D4
__ptext11                         text11       06CA
__ptext12                         text12       06A9
__ptext13                         text13       06EA
__ptext14                         text14       0531
__ptext15                         text15       04CA
__ptext2                          text2        070A
__ptext3                          text3        073A
__ptext4                          text4        058A
__ptext5                          text5        065F
__ptext6                          text6        074A
__ptext7                          text7        0625
__ptext8                          text8        042D
__ptext9                          text9        0311
__size_of_ISR                     (abs)        0000
__size_of_UART_TxChar             (abs)        0000
__size_of_UART_init               (abs)        0000
__size_of_Uart_send_string        (abs)        0000
__size_of___aldiv                 (abs)        0000
__size_of___awdiv                 (abs)        0000
__size_of___awmod                 (abs)        0000
__size_of_initPic                 (abs)        0000
__size_of_init_lcd                (abs)        0000
__size_of_main                    (abs)        0000
__size_of_messageTransmission     (abs)        0000
__size_of_print_Countdown         (abs)        0000
__size_of_send_cmd                (abs)        0000
__size_of_send_data               (abs)        0000
__size_of_send_string             (abs)        0000
__size_ofi1_send_cmd              (abs)        0000
_contAuto                         bssBANK1     00D2
_contCamion                       bssBANK1     00D0
_contMoto                         bssBANK1     00D1
_count                            bssBANK1     00C7
_countDown                        dataCOMMON   007D
_datoSeriale                      bssBANK1     00D3
_f                                bssBANK1     00C5
_flagGiallo                       bssBANK1     00C9
_initPic                          text6        074A
_init_lcd                         text4        058A
_main                             maintext     0049
_messageTransmission              text1        0687
_oldBtn1                          bssBANK0     006F
_oldBtn2                          bssBANK1     00CE
_oldBtn3                          bssBANK1     00CC
_print_Countdown                  text10       01D4
_received                         bssBANK1     00D4
_scattoSemafori                   bssBANK1     00CA
_semafori                         bssBANK1     00C1
_send_cmd                         text5        065F
_send_data                        text13       06EA
_send_string                      text12       06A9
_stat1                            bssBANK1     00CF
_stat2                            bssBANK1     00CD
_stat3                            bssBANK1     00CB
_statoSemafori                    dataBANK1    00DD
_strToSend                        bssBANK1     00D5
_temporizzazione                  bssCOMMON    007C
btemp                             (abs)        007E
clear_ram0                        clrtext      0759
end_of_initialization             cinit        0045
i1_send_cmd                       text11       06CA
i1send_cmd@command                cstackCOMMON 0072
init_fetch0                       inittext     0727
init_ram0                         inittext     072B
interrupt_function                intentry     0004
intlevel0                         functab      0000
intlevel1                         functab      0000
intlevel2                         functab      0000
intlevel3                         functab      0000
intlevel4                         functab      0000
intlevel5                         functab      0000
main@i                            cstackBANK1  00C0
main@semaforoVerde                cstackBANK1  00BF
messageTransmission@codice        cstackBANK1  00AC
messageTransmission@idStrada      cstackBANK1  00AB
messageTransmission@tipoMessaggio cstackBANK1  00AF
messageTransmission@valore        cstackBANK1  00AD
print_Countdown@F929              dataBANK3    01C3
print_Countdown@F933              dataBANK3    01B2
print_Countdown@F935              dataBANK3    01A1
print_Countdown@F937              dataBANK3    0190
print_Countdown@firstStr          cstackBANK0  0057
print_Countdown@i                 cstackBANK0  006D
print_Countdown@length            cstackBANK0  006B
print_Countdown@num               cstackCOMMON 0079
print_Countdown@resultNum         cstackBANK0  0068
print_Countdown@secondStr         cstackBANK0  0024
print_Countdown@secondStr_407     cstackBANK0  0035
print_Countdown@secondStr_409     cstackBANK0  0046
print_Countdown@statoSem          cstackCOMMON 007B
reset_vec                         reset_vec    0000
saved_w                           (abs)        007E
send_cmd@command                  cstackBANK1  00A9
send_data@data                    cstackCOMMON 0072
send_string@i                     cstackCOMMON 0074
send_string@str                   cstackCOMMON 0076
start                             init         0016
start_initialization              cinit        0019
wtemp0                            (abs)        007E


FUNCTION INFORMATION:

 *************** function _main *****************
 Defined at:
		line 113 in file "main.c"
 Parameters:    Size  Location     Type
		None
 Auto vars:     Size  Location     Type
  semaforoVerd    1   31[BANK1 ] unsigned char 
  i               1   32[BANK1 ] unsigned char 
 Return value:  Size  Location     Type
                  1    wreg      void 
 Registers used:
		wreg, fsr0l, fsr0h, status,2, status,0, pclath, cstack
 Tracked objects:
		On entry : 
		On exit  : 
		Unchanged: 
 Data sizes:     COMMON   BANK0   BANK1   BANK3   BANK2
      Params:         0       0       0       0       0
      Locals:         0       0       2       0       0
      Temps:          0       0       3       0       0
      Totals:         0       0       5       0       0
Total ram usage:        5 bytes
 Hardware stack levels required when called:    7
 This function calls:
		_UART_init
		_initPic
		_init_lcd
		_messageTransmission
		_send_cmd
 This function is called by:
		Startup code after reset
 This function uses a non-reentrant model


 *************** function _messageTransmission *****************
 Defined at:
		line 449 in file "main.c"
 Parameters:    Size  Location     Type
  tipoMessaggi    1    wreg     unsigned char 
  idStrada        1   11[BANK1 ] unsigned char 
  codice          1   12[BANK1 ] unsigned char 
  valore          1   13[BANK1 ] unsigned char 
 Auto vars:     Size  Location     Type
  tipoMessaggi    1   15[BANK1 ] unsigned char 
 Return value:  Size  Location     Type
                  1    wreg      void 
 Registers used:
		wreg, fsr0l, fsr0h, status,2, status,0, pclath, cstack
 Tracked objects:
		On entry : 
		On exit  : 
		Unchanged: 
 Data sizes:     COMMON   BANK0   BANK1   BANK3   BANK2
      Params:         0       0       3       0       0
      Locals:         0       0       1       0       0
      Temps:          0       0       1       0       0
      Totals:         0       0       5       0       0
Total ram usage:        5 bytes
 Hardware stack levels used:    1
 Hardware stack levels required when called:    6
 This function calls:
		_Uart_send_string
 This function is called by:
		_main
 This function uses a non-reentrant model


 *************** function _Uart_send_string *****************
 Defined at:
		line 483 in file "main.c"
 Parameters:    Size  Location     Type
  str             1    wreg     PTR unsigned char 
		 -> strToSend(8), 
 Auto vars:     Size  Location     Type
  str             1    9[BANK1 ] PTR unsigned char 
		 -> strToSend(8), 
  i               1   10[BANK1 ] unsigned char 
 Return value:  Size  Location     Type
                  1    wreg      void 
 Registers used:
		wreg, fsr0l, fsr0h, status,2, status,0, pclath, cstack
 Tracked objects:
		On entry : 
		On exit  : 
		Unchanged: 
 Data sizes:     COMMON   BANK0   BANK1   BANK3   BANK2
      Params:         0       0       0       0       0
      Locals:         0       0       2       0       0
      Temps:          0       0       1       0       0
      Totals:         0       0       3       0       0
Total ram usage:        3 bytes
 Hardware stack levels used:    1
 Hardware stack levels required when called:    5
 This function calls:
		_UART_TxChar
 This function is called by:
		_messageTransmission
 This function uses a non-reentrant model


 *************** function _UART_TxChar *****************
 Defined at:
		line 654 in file "main.c"
 Parameters:    Size  Location     Type
  dato            1    wreg     unsigned char 
 Auto vars:     Size  Location     Type
  dato            1    7[BANK1 ] unsigned char 
 Return value:  Size  Location     Type
                  1    wreg      void 
 Registers used:
		wreg
 Tracked objects:
		On entry : 
		On exit  : 
		Unchanged: 
 Data sizes:     COMMON   BANK0   BANK1   BANK3   BANK2
      Params:         0       0       0       0       0
      Locals:         0       0       1       0       0
      Temps:          0       0       0       0       0
      Totals:         0       0       1       0       0
Total ram usage:        1 bytes
 Hardware stack levels used:    1
 Hardware stack levels required when called:    4
 This function calls:
		Nothing
 This function is called by:
		_Uart_send_string
 This function uses a non-reentrant model


 *************** function _init_lcd *****************
 Defined at:
		line 621 in file "main.c"
 Parameters:    Size  Location     Type
		None
 Auto vars:     Size  Location     Type
		None
 Return value:  Size  Location     Type
                  1    wreg      void 
 Registers used:
		wreg, status,2, status,0, pclath, cstack
 Tracked objects:
		On entry : 
		On exit  : 
		Unchanged: 
 Data sizes:     COMMON   BANK0   BANK1   BANK3   BANK2
      Params:         0       0       0       0       0
      Locals:         0       0       0       0       0
      Temps:          0       0       2       0       0
      Totals:         0       0       2       0       0
Total ram usage:        2 bytes
 Hardware stack levels used:    1
 Hardware stack levels required when called:    5
 This function calls:
		_send_cmd
 This function is called by:
		_main
 This function uses a non-reentrant model


 *************** function _send_cmd *****************
 Defined at:
		line 609 in file "main.c"
 Parameters:    Size  Location     Type
  command         1    wreg     unsigned char 
 Auto vars:     Size  Location     Type
  command         1    9[BANK1 ] unsigned char 
 Return value:  Size  Location     Type
                  1    wreg      void 
 Registers used:
		wreg
 Tracked objects:
		On entry : 
		On exit  : 
		Unchanged: 
 Data sizes:     COMMON   BANK0   BANK1   BANK3   BANK2
      Params:         0       0       0       0       0
      Locals:         0       0       1       0       0
      Temps:          0       0       2       0       0
      Totals:         0       0       3       0       0
Total ram usage:        3 bytes
 Hardware stack levels used:    1
 Hardware stack levels required when called:    4
 This function calls:
		Nothing
 This function is called by:
		_main
		_init_lcd
 This function uses a non-reentrant model


 *************** function _initPic *****************
 Defined at:
		line 495 in file "main.c"
 Parameters:    Size  Location     Type
		None
 Auto vars:     Size  Location     Type
		None
 Return value:  Size  Location     Type
                  1    wreg      void 
 Registers used:
		wreg, status,2
 Tracked objects:
		On entry : 
		On exit  : 
		Unchanged: 
 Data sizes:     COMMON   BANK0   BANK1   BANK3   BANK2
      Params:         0       0       0       0       0
      Locals:         0       0       0       0       0
      Temps:          0       0       0       0       0
      Totals:         0       0       0       0       0
Total ram usage:        0 bytes
 Hardware stack levels used:    1
 Hardware stack levels required when called:    4
 This function calls:
		Nothing
 This function is called by:
		_main
 This function uses a non-reentrant model


 *************** function _UART_init *****************
 Defined at:
		line 641 in file "main.c"
 Parameters:    Size  Location     Type
  baudrate        2   22[BANK1 ] int 
 Auto vars:     Size  Location     Type
		None
 Return value:  Size  Location     Type
                  1    wreg      void 
 Registers used:
		wreg, status,2, status,0, pclath, cstack
 Tracked objects:
		On entry : 
		On exit  : 
		Unchanged: 
 Data sizes:     COMMON   BANK0   BANK1   BANK3   BANK2
      Params:         0       0       2       0       0
      Locals:         0       0       0       0       0
      Temps:          0       0       4       0       0
      Totals:         0       0       6       0       0
Total ram usage:        6 bytes
 Hardware stack levels used:    1
 Hardware stack levels required when called:    5
 This function calls:
		___aldiv
 This function is called by:
		_main
 This function uses a non-reentrant model


 *************** function ___aldiv *****************
 Defined at:
		line 5 in file "C:\Program Files (x86)\Microchip\xc8\v2.10\pic\sources\c90\common\aldiv.c"
 Parameters:    Size  Location     Type
  divisor         4    7[BANK1 ] long 
  dividend        4   11[BANK1 ] long 
 Auto vars:     Size  Location     Type
  quotient        4   18[BANK1 ] long 
  sign            1   17[BANK1 ] unsigned char 
  counter         1   16[BANK1 ] unsigned char 
 Return value:  Size  Location     Type
                  4    7[BANK1 ] long 
 Registers used:
		wreg, status,2, status,0
 Tracked objects:
		On entry : 
		On exit  : 
		Unchanged: 
 Data sizes:     COMMON   BANK0   BANK1   BANK3   BANK2
      Params:         0       0       8       0       0
      Locals:         0       0       6       0       0
      Temps:          0       0       1       0       0
      Totals:         0       0      15       0       0
Total ram usage:       15 bytes
 Hardware stack levels used:    1
 Hardware stack levels required when called:    4
 This function calls:
		Nothing
 This function is called by:
		_UART_init
 This function uses a non-reentrant model


 *************** function _ISR *****************
 Defined at:
		line 349 in file "main.c"
 Parameters:    Size  Location     Type
		None
 Auto vars:     Size  Location     Type
		None
 Return value:  Size  Location     Type
                  1    wreg      void 
 Registers used:
		wreg, fsr0l, fsr0h, status,2, status,0, btemp+1, pclath, cstack
 Tracked objects:
		On entry : 
		On exit  : 
		Unchanged: 
 Data sizes:     COMMON   BANK0   BANK1   BANK3   BANK2
      Params:         0       0       0       0       0
      Locals:         0       0       0       0       0
      Temps:          0       0       7       0       0
      Totals:         0       0       7       0       0
Total ram usage:        7 bytes
 Hardware stack levels used:    1
 Hardware stack levels required when called:    3
 This function calls:
		_print_Countdown
 This function is called by:
		Interrupt level 1
 This function uses a non-reentrant model


 *************** function _print_Countdown *****************
 Defined at:
		line 528 in file "main.c"
 Parameters:    Size  Location     Type
  num             2    9[COMMON] int 
  statoSem        1   11[COMMON] unsigned char 
 Auto vars:     Size  Location     Type
  secondStr      17   38[BANK0 ] unsigned char [17]
  secondStr      17   21[BANK0 ] unsigned char [17]
  secondStr      17    4[BANK0 ] unsigned char [17]
  firstStr       17   55[BANK0 ] unsigned char [17]
  resultNum       3   72[BANK0 ] unsigned char [3]
  i               2   77[BANK0 ] int 
  length          2   75[BANK0 ] int 
 Return value:  Size  Location     Type
                  1    wreg      void 
 Registers used:
		wreg, fsr0l, fsr0h, status,2, status,0, btemp+1, pclath, cstack
 Tracked objects:
		On entry : 
		On exit  : 
		Unchanged: 
 Data sizes:     COMMON   BANK0   BANK1   BANK3   BANK2
      Params:         3       0       0       0       0
      Locals:         0      75       0       0       0
      Temps:          0       4       0       0       0
      Totals:         3      79       0       0       0
Total ram usage:       82 bytes
 Hardware stack levels used:    1
 Hardware stack levels required when called:    2
 This function calls:
		___awdiv
		___awmod
		_send_string
		i1_send_cmd
 This function is called by:
		_ISR
 This function uses a non-reentrant model


 *************** function i1_send_cmd *****************
 Defined at:
		line 609 in file "main.c"
 Parameters:    Size  Location     Type
  command         1    wreg     unsigned char 
 Auto vars:     Size  Location     Type
  command         1    2[COMMON] unsigned char 
 Return value:  Size  Location     Type
                  1    wreg      void 
 Registers used:
		wreg
 Tracked objects:
		On entry : 
		On exit  : 
		Unchanged: 
 Data sizes:     COMMON   BANK0   BANK1   BANK3   BANK2
      Params:         0       0       0       0       0
      Locals:         1       0       0       0       0
      Temps:          2       0       0       0       0
      Totals:         3       0       0       0       0
Total ram usage:        3 bytes
 Hardware stack levels used:    1
 This function calls:
		Nothing
 This function is called by:
		_print_Countdown
 This function uses a non-reentrant model


 *************** function _send_string *****************
 Defined at:
		line 586 in file "main.c"
 Parameters:    Size  Location     Type
  str             1    wreg     PTR unsigned char 
		 -> print_Countdown@secondStr_409(17), print_Countdown@secondStr_407(17), print_Countdown@secondStr(17), print_Countdown@firstStr(17), 
 Auto vars:     Size  Location     Type
  str             1    6[COMMON] PTR unsigned char 
		 -> print_Countdown@secondStr_409(17), print_Countdown@secondStr_407(17), print_Countdown@secondStr(17), print_Countdown@firstStr(17), 
  i               2    4[COMMON] int 
 Return value:  Size  Location     Type
                  1    wreg      void 
 Registers used:
		wreg, fsr0l, fsr0h, status,2, status,0, pclath, cstack
 Tracked objects:
		On entry : 
		On exit  : 
		Unchanged: 
 Data sizes:     COMMON   BANK0   BANK1   BANK3   BANK2
      Params:         0       0       0       0       0
      Locals:         3       0       0       0       0
      Temps:          1       0       0       0       0
      Totals:         4       0       0       0       0
Total ram usage:        4 bytes
 Hardware stack levels used:    1
 Hardware stack levels required when called:    1
 This function calls:
		_send_data
 This function is called by:
		_print_Countdown
 This function uses a non-reentrant model


 *************** function _send_data *****************
 Defined at:
		line 597 in file "main.c"
 Parameters:    Size  Location     Type
  data            1    wreg     unsigned char 
 Auto vars:     Size  Location     Type
  data            1    2[COMMON] unsigned char 
 Return value:  Size  Location     Type
                  1    wreg      void 
 Registers used:
		wreg
 Tracked objects:
		On entry : 
		On exit  : 
		Unchanged: 
 Data sizes:     COMMON   BANK0   BANK1   BANK3   BANK2
      Params:         0       0       0       0       0
      Locals:         1       0       0       0       0
      Temps:          2       0       0       0       0
      Totals:         3       0       0       0       0
Total ram usage:        3 bytes
 Hardware stack levels used:    1
 This function calls:
		Nothing
 This function is called by:
		_send_string
 This function uses a non-reentrant model


 *************** function ___awmod *****************
 Defined at:
		line 5 in file "C:\Program Files (x86)\Microchip\xc8\v2.10\pic\sources\c90\common\awmod.c"
 Parameters:    Size  Location     Type
  divisor         2    0[COMMON] int 
  dividend        2    2[COMMON] int 
 Auto vars:     Size  Location     Type
  sign            1    6[COMMON] unsigned char 
  counter         1    5[COMMON] unsigned char 
 Return value:  Size  Location     Type
                  2    0[COMMON] int 
 Registers used:
		wreg, status,2, status,0
 Tracked objects:
		On entry : 
		On exit  : 
		Unchanged: 
 Data sizes:     COMMON   BANK0   BANK1   BANK3   BANK2
      Params:         4       0       0       0       0
      Locals:         2       0       0       0       0
      Temps:          1       0       0       0       0
      Totals:         7       0       0       0       0
Total ram usage:        7 bytes
 Hardware stack levels used:    1
 This function calls:
		Nothing
 This function is called by:
		_print_Countdown
 This function uses a non-reentrant model


 *************** function ___awdiv *****************
 Defined at:
		line 5 in file "C:\Program Files (x86)\Microchip\xc8\v2.10\pic\sources\c90\common\awdiv.c"
 Parameters:    Size  Location     Type
  divisor         2    0[COMMON] int 
  dividend        2    2[COMMON] int 
 Auto vars:     Size  Location     Type
  quotient        2    7[COMMON] int 
  sign            1    6[COMMON] unsigned char 
  counter         1    5[COMMON] unsigned char 
 Return value:  Size  Location     Type
                  2    0[COMMON] int 
 Registers used:
		wreg, status,2, status,0
 Tracked objects:
		On entry : 
		On exit  : 
		Unchanged: 
 Data sizes:     COMMON   BANK0   BANK1   BANK3   BANK2
      Params:         4       0       0       0       0
      Locals:         4       0       0       0       0
      Temps:          1       0       0       0       0
      Totals:         9       0       0       0       0
Total ram usage:        9 bytes
 Hardware stack levels used:    1
 This function calls:
		Nothing
 This function is called by:
		_print_Countdown
 This function uses a non-reentrant model



MODULE INFORMATION

Module		Function		Class		Link	Load	Size
C:\Program Files (x86)\Microchip\xc8\v2.10\pic\sources\c90\common\awdiv.c
		___awdiv       		CODE           	04CA	0000	104

C:\Program Files (x86)\Microchip\xc8\v2.10\pic\sources\c90\common\awdiv.c estimated size: 104

C:\Program Files (x86)\Microchip\xc8\v2.10\pic\sources\c90\common\aldiv.c
		___aldiv       		CODE           	042D	0000	158

C:\Program Files (x86)\Microchip\xc8\v2.10\pic\sources\c90\common\aldiv.c estimated size: 158

shared
		i1_send_cmd    		CODE           	06CA	0000	33
		__initialization		CODE           	0019	0000	45

shared estimated size: 78

C:\Program Files (x86)\Microchip\xc8\v2.10\pic\sources\c90\common\awmod.c
		___awmod       		CODE           	0531	0000	90

C:\Program Files (x86)\Microchip\xc8\v2.10\pic\sources\c90\common\awmod.c estimated size: 90

main.c
		_print_Countdown		CODE           	01D4	0000	318
		_initPic       		CODE           	074A	0000	16
		_ISR           		CODE           	0311	0000	285
		_send_cmd      		CODE           	065F	0000	41
		_UART_init     		CODE           	0625	0000	59
		_send_data     		CODE           	06EA	0000	33
		_main          		CODE           	0049	0000	396
		_messageTransmission		CODE           	0687	0000	35
		_Uart_send_string		CODE           	070A	0000	30
		_send_string   		CODE           	06A9	0000	34
		_init_lcd      		CODE           	058A	0000	88
		_UART_TxChar   		CODE           	073A	0000	17

main.c estimated size: 1352

