Microchip MPLAB XC8 Compiler V2.10 ()

Linker command line:

-W-3 --edf=C:\Program Files (x86)\Microchip\xc8\v2.10\pic\dat\en_msgs.txt \
  -cs -h+dist/default/production\PW2020Pic.X.production.sym \
  --cmf=dist/default/production\PW2020Pic.X.production.cmf -z -Q16F877A \
  -oC:\Users\PC\AppData\Local\Temp\sqic.2 --defsym=__MPLAB_BUILD=1 \
  -Mdist/default/production/PW2020Pic.X.production.map -E1 -ver=XC8 \
  --acfsm=1493 -ASTACK=0110h-016Fh -pstack=STACK -ACODE=00h-07FFhx4 \
  -ASTRCODE=00h-01FFFh -ASTRING=00h-0FFhx32 -ACONST=00h-0FFhx32 \
  -AENTRY=00h-0FFhx32 -ACOMMON=070h-07Fh -ABANK0=020h-06Fh \
  -ABANK1=0A0h-0EFh -ABANK2=0110h-016Fh -ABANK3=0190h-01EFh \
  -ARAM=020h-06Fh,0A0h-0EFh,0110h-016Fh,0190h-01EFh \
  -AABS1=020h-07Fh,0A0h-0EFh,0110h-016Fh,0190h-01EFh -ASFR0=00h-01Fh \
  -ASFR1=080h-09Fh -ASFR2=0100h-010Fh -ASFR3=0180h-018Fh \
  -preset_vec=00h,intentry=04h,init,end_init -ppowerup=CODE -pcinit=CODE \
  -pfunctab=ENTRY -ACONFIG=02007h-02007h -pconfig=CONFIG -DCONFIG=2 \
  -AIDLOC=02000h-02003h -pidloc=IDLOC -DIDLOC=2 -AEEDATA=00h-0FFh/02100h \
  -peeprom_data=EEDATA -DEEDATA=2 -DCODE=2 -DSTRCODE=2 -DSTRING=2 -DCONST=2 \
  -DENTRY=2 -k C:\Users\PC\AppData\Local\Temp\sqic.o \
  dist/default/production\PW2020Pic.X.production.o 

Object code version is 3.11

Machine type is 16F877A



                Name                               Link     Load   Length Selector   Space Scale
C:\Users\PC\AppData\Local\Temp\sqic.o
                end_init                              C        C        3        8       0
                reset_vec                             0        0        3        0       0
                config                             2007     2007        1     400E       0
dist/default/production\PW2020Pic.X.production.o
                cinit                                 F        F       3C        8       0
                intentry                              4        4        8        8       0
                text12                              2A0      2A0       7F        8       0
                text11                              203      203       9D        8       0
                text10                              485      485       3A        8       0
                text9                               529      529        B      A34       0
                text8                               4DF      4DF       1E        8       0
                text7                               160      160       A3        8       0
                text6                               51A      51A        F      A34       0
                text5                               4BF      4BF       20        8       0
                text4                               3E3      3E3       53        8       0
                text3                               31F      31F       69        8       0
                text2                               388      388       5B        8       0
                text1                               436      436       4F        8       0
                maintext                             4B       4B      115        8       0
                cstackBANK0                          46       46       1D       20       1
                cstackCOMMON                         70       70        8       70       1
                clrtext                             534      534        8      A34       0
                bssBANK1                             A0       A0       44       A0       1
                dataBANK0                            63       63        6       20       1
                bssBANK0                             20       20       26       20       1
                bssCOMMON                            78       78        3       70       1
                strings                             500      500       1A      A00       0
                idataBANK0                          53C      53C        6      A34       0

TOTAL           Name                               Link     Load   Length     Space
        CLASS   STACK          

        CLASS   CODE           
                end_init                              C        C        3         0
                cinit                                 F        F       3C         0
                intentry                              4        4        8         0
                reset_vec                             0        0        3         0
                text12                              2A0      2A0       7F         0
                text11                              203      203       9D         0
                text10                              485      485       3A         0
                text9                               529      529        B         0
                text8                               4DF      4DF       1E         0
                text7                               160      160       A3         0
                text6                               51A      51A        F         0
                text5                               4BF      4BF       20         0
                text4                               3E3      3E3       53         0
                text3                               31F      31F       69         0
                text2                               388      388       5B         0
                text1                               436      436       4F         0
                maintext                             4B       4B      115         0
                clrtext                             534      534        8         0
                idataBANK0                          53C      53C        6         0

        CLASS   STRCODE        

        CLASS   STRING         
                strings                             500      500       1A         0

        CLASS   CONST          

        CLASS   ENTRY          

        CLASS   COMMON         
                cstackCOMMON                         70       70        8         1
                bssCOMMON                            78       78        3         1

        CLASS   BANK0          
                cstackBANK0                          46       46       1D         1
                dataBANK0                            63       63        6         1
                bssBANK0                             20       20       26         1

        CLASS   BANK1          
                bssBANK1                             A0       A0       44         1

        CLASS   BANK2          

        CLASS   BANK3          

        CLASS   RAM            

        CLASS   ABS1           
                abs_s1                               7E       7E        2         1

        CLASS   SFR0           

        CLASS   SFR1           

        CLASS   SFR2           

        CLASS   SFR3           

        CLASS   CONFIG         
                config                             2007     2007        1         0

        CLASS   IDLOC          

        CLASS   EEDATA         



SEGMENTS        Name                           Load    Length   Top    Selector   Space  Class     Delta

                reset_vec                      000000  000003  000003         0       0  CODE        2
                intentry                       000004  0004F9  0004FD         8       0  CODE        2
                bssBANK0                       000020  000049  000069        20       1  BANK0       1
                cstackCOMMON                   000070  00000B  00007B        70       1  COMMON      1
                bssBANK1                       0000A0  000044  0000E4        A0       1  BANK1       1
                strings                        000500  00001A  00051A       A00       0  STRING      2
                text6                          00051A  000028  000542       A34       0  CODE        2
                config                         002007  000001  002008      400E       0  CONFIG      2


UNUSED ADDRESS RANGES

        Name                Unused          Largest block    Delta
        BANK0            0069-006F              7           1
        BANK1            00E4-00EF              C           1
        BANK2            0110-016F             60           1
        BANK3            0190-01EF             60           1
        CODE             0003-0003              1           2
                         04FD-04FF              3
                         0542-1FFF            800
        COMMON           007B-007D              3           1
        CONST            0003-0003              1           2
                         04FD-04FF              3
                         0542-1FFF            100
        EEDATA           2100-21FF            100           2
        ENTRY            0003-0003              1           2
                         04FD-04FF              3
                         0542-1FFF            100
        IDLOC            2000-2003              4           2
        RAM              0069-006F              7           1
                         00E4-00EF              C
                         0110-016F             60
                         0190-01EF             60
        SFR0             0000-001F             20           1
        SFR1             0080-009F             20           1
        SFR2             0100-010F             10           1
        SFR3             0180-018F             10           1
        STACK            0110-016F             60           1
        STRCODE          0003-0003              1           2
                         04FD-04FF              3
                         0542-1FFF           1ABE
        STRING           0003-0003              1           2
                         04FD-04FF              3
                         0542-1FFF            100

                                  Symbol Table

?___aldiv                  cstackBANK0  0046
?___awdiv                  cstackCOMMON 0073
?___awmod                  cstackCOMMON 0073
UART_TxChar@dato           cstackCOMMON 0073
UART_init@baudrate         cstackBANK0  0054
Uart_send_string@i         cstackCOMMON 0075
Uart_send_string@str       cstackCOMMON 0076
_ADCON0                    (abs)        001F
_ADCON0bits                (abs)        001F
_ADCON1                    (abs)        009F
_ADRESH                    (abs)        001E
_ADRESL                    (abs)        009E
_GO_nDONE                  (abs)        00FA
_INTCON                    (abs)        000B
_INTCONbits                (abs)        000B
_ISR                       text12       02A0
_OPTION_REG                (abs)        0081
_PIE1bits                  (abs)        008C
_PORTBbits                 (abs)        0006
_PORTD                     (abs)        0008
_PORTEbits                 (abs)        0009
_RCIF                      (abs)        0065
_RCREG                     (abs)        001A
_RCSTAbits                 (abs)        0018
_SPBRG                     (abs)        0099
_TMR0                      (abs)        0001
_TRISA                     (abs)        0085
_TRISB                     (abs)        0086
_TRISCbits                 (abs)        0087
_TRISD                     (abs)        0088
_TRISE                     (abs)        0089
_TXIF                      (abs)        0064
_TXREG                     (abs)        0019
_TXSTAbits                 (abs)        0098
_UART_TxChar               text9        0529
_UART_init                 text10       0485
_Uart_send_string          text8        04DF
__CFG_BOREN$ON             (abs)        0000
__CFG_CP$OFF               (abs)        0000
__CFG_CPD$OFF              (abs)        0000
__CFG_FOSC$HS              (abs)        0000
__CFG_LVP$ON               (abs)        0000
__CFG_PWRTE$ON             (abs)        0000
__CFG_WDTE$OFF             (abs)        0000
__CFG_WRT$OFF              (abs)        0000
__Habs1                    abs1         0000
__Hbank0                   bank0        0000
__Hbank1                   bank1        0000
__Hbank2                   bank2        0000
__Hbank3                   bank3        0000
__HbssBANK0                bssBANK0     0000
__HbssBANK1                bssBANK1     0000
__HbssCOMMON               bssCOMMON    0000
__Hcinit                   cinit        004B
__Hclrtext                 clrtext      0000
__Hcode                    code         0000
__Hcommon                  common       0000
__Hconfig                  config       2008
__HcstackBANK0             cstackBANK0  0000
__HcstackCOMMON            cstackCOMMON 0000
__HdataBANK0               dataBANK0    0000
__Heeprom_data             eeprom_data  0000
__Hend_init                end_init     000F
__Hfunctab                 functab      0000
__HidataBANK0              idataBANK0   0000
__Hidloc                   idloc        0000
__Hinit                    init         000C
__Hintentry                intentry     000C
__Hmaintext                maintext     0000
__Hpowerup                 powerup      0000
__Hram                     ram          0000
__Hreset_vec               reset_vec    0003
__Hsfr0                    sfr0         0000
__Hsfr1                    sfr1         0000
__Hsfr2                    sfr2         0000
__Hsfr3                    sfr3         0000
__Hspace_0                 (abs)        2008
__Hspace_1                 (abs)        00E4
__Hspace_2                 (abs)        0000
__Hspace_3                 (abs)        0000
__Hstack                   stack        0000
__Hstrings                 strings      0000
__Htext                    text         0000
__Labs1                    abs1         0000
__Lbank0                   bank0        0000
__Lbank1                   bank1        0000
__Lbank2                   bank2        0000
__Lbank3                   bank3        0000
__LbssBANK0                bssBANK0     0000
__LbssBANK1                bssBANK1     0000
__LbssCOMMON               bssCOMMON    0000
__Lcinit                   cinit        000F
__Lclrtext                 clrtext      0000
__Lcode                    code         0000
__Lcommon                  common       0000
__Lconfig                  config       2007
__LcstackBANK0             cstackBANK0  0000
__LcstackCOMMON            cstackCOMMON 0000
__LdataBANK0               dataBANK0    0000
__Leeprom_data             eeprom_data  0000
__Lend_init                end_init     000C
__Lfunctab                 functab      0000
__LidataBANK0              idataBANK0   0000
__Lidloc                   idloc        0000
__Linit                    init         000C
__Lintentry                intentry     0004
__Lmaintext                maintext     0000
__Lpowerup                 powerup      0000
__Lram                     ram          0000
__Lreset_vec               reset_vec    0000
__Lsfr0                    sfr0         0000
__Lsfr1                    sfr1         0000
__Lsfr2                    sfr2         0000
__Lsfr3                    sfr3         0000
__Lspace_0                 (abs)        0000
__Lspace_1                 (abs)        0000
__Lspace_2                 (abs)        0000
__Lspace_3                 (abs)        0000
__Lstack                   stack        0000
__Lstrings                 strings      0000
__Ltext                    text         0000
__S0                       (abs)        2008
__S1                       (abs)        00E4
__S2                       (abs)        0000
__S3                       (abs)        0000
___aldiv                   text11       0203
___aldiv@counter           cstackBANK0  004E
___aldiv@dividend          cstackBANK0  004A
___aldiv@divisor           cstackBANK0  0046
___aldiv@quotient          cstackBANK0  0050
___aldiv@sign              cstackBANK0  004F
___awdiv                   text3        031F
___awdiv@counter           cstackBANK0  0046
___awdiv@dividend          cstackCOMMON 0075
___awdiv@divisor           cstackCOMMON 0073
___awdiv@quotient          cstackBANK0  0048
___awdiv@sign              cstackBANK0  0047
___awmod                   text2        0388
___awmod@counter           cstackBANK0  0046
___awmod@dividend          cstackCOMMON 0075
___awmod@divisor           cstackCOMMON 0073
___awmod@sign              cstackBANK0  0047
___int_sp                  stack        0000
___latbits                 (abs)        0002
___sp                      stack        0000
___stackhi                 (abs)        0000
___stacklo                 (abs)        0000
__end_of_ISR               text12       031F
__end_of_UART_TxChar       text9        0534
__end_of_UART_init         text10       04BF
__end_of_Uart_send_string  text8        04FD
__end_of___aldiv           text11       02A0
__end_of___awdiv           text3        0388
__end_of___awmod           text2        03E3
__end_of__initialization   cinit        0047
__end_of__stringtab        strings      0510
__end_of_concatenate       text7        0203
__end_of_initPic           text6        0529
__end_of_init_lcd          text4        0436
__end_of_main              maintext     0160
__end_of_num_converter     text1        0485
__end_of_send_cmd          text5        04DF
__initialization           cinit        000F
__pbssBANK0                bssBANK0     0020
__pbssBANK1                bssBANK1     00A0
__pbssCOMMON               bssCOMMON    0078
__pcstackBANK0             cstackBANK0  0046
__pcstackCOMMON            cstackCOMMON 0070
__pdataBANK0               dataBANK0    0063
__pidataBANK0              idataBANK0   053C
__pintentry                intentry     0004
__pmaintext                maintext     004B
__pstrings                 strings      0500
__ptext1                   text1        0436
__ptext10                  text10       0485
__ptext11                  text11       0203
__ptext12                  text12       02A0
__ptext2                   text2        0388
__ptext3                   text3        031F
__ptext4                   text4        03E3
__ptext5                   text5        04BF
__ptext6                   text6        051A
__ptext7                   text7        0160
__ptext8                   text8        04DF
__ptext9                   text9        0529
__size_of_ISR              (abs)        0000
__size_of_UART_TxChar      (abs)        0000
__size_of_UART_init        (abs)        0000
__size_of_Uart_send_string (abs)        0000
__size_of___aldiv          (abs)        0000
__size_of___awdiv          (abs)        0000
__size_of___awmod          (abs)        0000
__size_of_concatenate      (abs)        0000
__size_of_initPic          (abs)        0000
__size_of_init_lcd         (abs)        0000
__size_of_main             (abs)        0000
__size_of_num_converter    (abs)        0000
__size_of_send_cmd         (abs)        0000
__stringbase               strings      050F
__stringtab                strings      0500
_concatenate               text7        0160
_contAuto                  bssBANK0     0027
_contCamion                bssBANK0     0025
_contMoto                  bssBANK0     0026
_count                     bssBANK0     0020
_datoSeriale               bssBANK0     0028
_initPic                   text6        051A
_init_lcd                  text4        03E3
_main                      maintext     004B
_num_converter             text1        0436
_oldBtn1                   bssCOMMON    007A
_oldBtn2                   bssCOMMON    0079
_oldBtn3                   bssCOMMON    0078
_received                  bssBANK0     0029
_send_cmd                  text5        04BF
_stat1                     bssBANK0     0024
_stat2                     bssBANK0     0023
_stat3                     bssBANK0     0022
_strControl                bssBANK0     003E
_strCtnTrasmissione        bssBANK0     002A
_strHeaderTrasmissione     bssBANK1     00D0
_strToSend                 bssBANK1     00A0
btemp                      (abs)        007E
clear_ram0                 clrtext      0534
concatenate@i              cstackBANK0  005F
concatenate@j              cstackBANK0  005D
concatenate@str1           cstackBANK0  0054
concatenate@str2           cstackBANK0  0056
concatenate@str3           cstackBANK0  0061
end_of_initialization      cinit        0047
interrupt_function         intentry     0004
intlevel0                  functab      0000
intlevel1                  functab      0000
intlevel2                  functab      0000
intlevel3                  functab      0000
intlevel4                  functab      0000
intlevel5                  functab      0000
num_converter@F898         dataBANK0    0063
num_converter@i            cstackBANK0  0053
num_converter@num          cstackBANK0  004A
num_converter@result       cstackBANK0  004F
reset_vec                  reset_vec    0000
saved_w                    (abs)        007E
send_cmd@command           cstackCOMMON 0075
start                      init         000C
start_initialization       cinit        000F
wtemp0                     (abs)        007E


FUNCTION INFORMATION:

 *************** function _main *****************
 Defined at:
		line 76 in file "main.c"
 Parameters:    Size  Location     Type
		None
 Auto vars:     Size  Location     Type
  stringa         1    0        unsigned char 
 Return value:  Size  Location     Type
                  1    wreg      void 
 Registers used:
		wreg, fsr0l, fsr0h, status,2, status,0, btemp+1, pclath, cstack
 Tracked objects:
		On entry : 
		On exit  : 
		Unchanged: 
 Data sizes:     COMMON   BANK0   BANK1   BANK3   BANK2
      Params:         0       0       0       0       0
      Locals:         0       1       0       0       0
      Temps:          0       1       0       0       0
      Totals:         0       2       0       0       0
Total ram usage:        2 bytes
 Hardware stack levels required when called:    3
 This function calls:
		_UART_TxChar
		_UART_init
		_Uart_send_string
		_concatenate
		_initPic
		_init_lcd
		_num_converter
		_send_cmd
 This function is called by:
		Startup code after reset
 This function uses a non-reentrant model


 *************** function _num_converter *****************
 Defined at:
		line 192 in file "main.c"
 Parameters:    Size  Location     Type
  num             2    4[BANK0 ] int 
 Auto vars:     Size  Location     Type
  result          4    9[BANK0 ] unsigned char [4]
  length          2    0        int 
  i               1   13[BANK0 ] unsigned char 
 Return value:  Size  Location     Type
                  1    wreg      PTR unsigned char 
 Registers used:
		wreg, fsr0l, fsr0h, status,2, status,0, pclath, cstack
 Tracked objects:
		On entry : 
		On exit  : 
		Unchanged: 
 Data sizes:     COMMON   BANK0   BANK1   BANK3   BANK2
      Params:         0       2       0       0       0
      Locals:         0       7       0       0       0
      Temps:          0       1       0       0       0
      Totals:         0      10       0       0       0
Total ram usage:       10 bytes
 Hardware stack levels used:    1
 Hardware stack levels required when called:    2
 This function calls:
		___awdiv
		___awmod
 This function is called by:
		_main
 This function uses a non-reentrant model


 *************** function ___awmod *****************
 Defined at:
		line 5 in file "C:\Program Files (x86)\Microchip\xc8\v2.10\pic\sources\c90\common\awmod.c"
 Parameters:    Size  Location     Type
  divisor         2    3[COMMON] int 
  dividend        2    5[COMMON] int 
 Auto vars:     Size  Location     Type
  sign            1    1[BANK0 ] unsigned char 
  counter         1    0[BANK0 ] unsigned char 
 Return value:  Size  Location     Type
                  2    3[COMMON] int 
 Registers used:
		wreg, status,2, status,0
 Tracked objects:
		On entry : 
		On exit  : 
		Unchanged: 
 Data sizes:     COMMON   BANK0   BANK1   BANK3   BANK2
      Params:         4       0       0       0       0
      Locals:         0       2       0       0       0
      Temps:          1       0       0       0       0
      Totals:         5       2       0       0       0
Total ram usage:        7 bytes
 Hardware stack levels used:    1
 Hardware stack levels required when called:    1
 This function calls:
		Nothing
 This function is called by:
		_num_converter
 This function uses a non-reentrant model


 *************** function ___awdiv *****************
 Defined at:
		line 5 in file "C:\Program Files (x86)\Microchip\xc8\v2.10\pic\sources\c90\common\awdiv.c"
 Parameters:    Size  Location     Type
  divisor         2    3[COMMON] int 
  dividend        2    5[COMMON] int 
 Auto vars:     Size  Location     Type
  quotient        2    2[BANK0 ] int 
  sign            1    1[BANK0 ] unsigned char 
  counter         1    0[BANK0 ] unsigned char 
 Return value:  Size  Location     Type
                  2    3[COMMON] int 
 Registers used:
		wreg, status,2, status,0
 Tracked objects:
		On entry : 
		On exit  : 
		Unchanged: 
 Data sizes:     COMMON   BANK0   BANK1   BANK3   BANK2
      Params:         4       0       0       0       0
      Locals:         0       4       0       0       0
      Temps:          1       0       0       0       0
      Totals:         5       4       0       0       0
Total ram usage:        9 bytes
 Hardware stack levels used:    1
 Hardware stack levels required when called:    1
 This function calls:
		Nothing
 This function is called by:
		_num_converter
 This function uses a non-reentrant model


 *************** function _init_lcd *****************
 Defined at:
		line 317 in file "main.c"
 Parameters:    Size  Location     Type
		None
 Auto vars:     Size  Location     Type
		None
 Return value:  Size  Location     Type
                  1    wreg      void 
 Registers used:
		wreg, status,2, status,0, pclath, cstack
 Tracked objects:
		On entry : 
		On exit  : 
		Unchanged: 
 Data sizes:     COMMON   BANK0   BANK1   BANK3   BANK2
      Params:         0       0       0       0       0
      Locals:         0       0       0       0       0
      Temps:          2       0       0       0       0
      Totals:         2       0       0       0       0
Total ram usage:        2 bytes
 Hardware stack levels used:    1
 Hardware stack levels required when called:    2
 This function calls:
		_send_cmd
 This function is called by:
		_main
 This function uses a non-reentrant model


 *************** function _send_cmd *****************
 Defined at:
		line 305 in file "main.c"
 Parameters:    Size  Location     Type
  command         1    wreg     unsigned char 
 Auto vars:     Size  Location     Type
  command         1    5[COMMON] unsigned char 
 Return value:  Size  Location     Type
                  1    wreg      void 
 Registers used:
		wreg
 Tracked objects:
		On entry : 
		On exit  : 
		Unchanged: 
 Data sizes:     COMMON   BANK0   BANK1   BANK3   BANK2
      Params:         0       0       0       0       0
      Locals:         1       0       0       0       0
      Temps:          2       0       0       0       0
      Totals:         3       0       0       0       0
Total ram usage:        3 bytes
 Hardware stack levels used:    1
 Hardware stack levels required when called:    1
 This function calls:
		Nothing
 This function is called by:
		_main
		_init_lcd
 This function uses a non-reentrant model


 *************** function _initPic *****************
 Defined at:
		line 248 in file "main.c"
 Parameters:    Size  Location     Type
		None
 Auto vars:     Size  Location     Type
		None
 Return value:  Size  Location     Type
                  1    wreg      void 
 Registers used:
		wreg, status,2
 Tracked objects:
		On entry : 
		On exit  : 
		Unchanged: 
 Data sizes:     COMMON   BANK0   BANK1   BANK3   BANK2
      Params:         0       0       0       0       0
      Locals:         0       0       0       0       0
      Temps:          0       0       0       0       0
      Totals:         0       0       0       0       0
Total ram usage:        0 bytes
 Hardware stack levels used:    1
 Hardware stack levels required when called:    1
 This function calls:
		Nothing
 This function is called by:
		_main
 This function uses a non-reentrant model


 *************** function _concatenate *****************
 Defined at:
		line 216 in file "main.c"
 Parameters:    Size  Location     Type
  str3            1    wreg     PTR unsigned char 
		 -> strToSend(48), strCtnTrasmissione(20), strHeaderTrasmissione(20), strControl(8), 
  str1            2   14[BANK0 ] PTR unsigned char 
		 -> STR_9(2), STR_8(4), STR_6(2), strToSend(48), 
		 -> STR_4(2), STR_3(4), STR_1(2), strControl(8), 
  str2            2   16[BANK0 ] PTR unsigned char 
		 -> num_converter@result(4), STR_10(2), STR_7(1), STR_5(2), 
		 -> strCtnTrasmissione(20), strHeaderTrasmissione(20), STR_2(1), 
 Auto vars:     Size  Location     Type
  str3            1   27[BANK0 ] PTR unsigned char 
		 -> strToSend(48), strCtnTrasmissione(20), strHeaderTrasmissione(20), strControl(8), 
  i               2   25[BANK0 ] int 
  j               2   23[BANK0 ] int 
 Return value:  Size  Location     Type
                  1    wreg      void 
 Registers used:
		wreg, fsr0l, fsr0h, status,2, status,0, btemp+1, pclath
 Tracked objects:
		On entry : 
		On exit  : 
		Unchanged: 
 Data sizes:     COMMON   BANK0   BANK1   BANK3   BANK2
      Params:         0       4       0       0       0
      Locals:         0       5       0       0       0
      Temps:          0       5       0       0       0
      Totals:         0      14       0       0       0
Total ram usage:       14 bytes
 Hardware stack levels used:    2
 Hardware stack levels required when called:    1
 This function calls:
		Nothing
 This function is called by:
		_main
 This function uses a non-reentrant model


 *************** function _Uart_send_string *****************
 Defined at:
		line 235 in file "main.c"
 Parameters:    Size  Location     Type
  str             1    wreg     PTR unsigned char 
		 -> strToSend(48), 
 Auto vars:     Size  Location     Type
  str             1    6[COMMON] PTR unsigned char 
		 -> strToSend(48), 
  i               1    5[COMMON] unsigned char 
 Return value:  Size  Location     Type
                  1    wreg      void 
 Registers used:
		wreg, fsr0l, fsr0h, status,2, status,0, pclath, cstack
 Tracked objects:
		On entry : 
		On exit  : 
		Unchanged: 
 Data sizes:     COMMON   BANK0   BANK1   BANK3   BANK2
      Params:         0       0       0       0       0
      Locals:         2       0       0       0       0
      Temps:          1       0       0       0       0
      Totals:         3       0       0       0       0
Total ram usage:        3 bytes
 Hardware stack levels used:    1
 Hardware stack levels required when called:    2
 This function calls:
		_UART_TxChar
 This function is called by:
		_main
 This function uses a non-reentrant model


 *************** function _UART_TxChar *****************
 Defined at:
		line 350 in file "main.c"
 Parameters:    Size  Location     Type
  dato            1    wreg     unsigned char 
 Auto vars:     Size  Location     Type
  dato            1    3[COMMON] unsigned char 
 Return value:  Size  Location     Type
                  1    wreg      void 
 Registers used:
		wreg
 Tracked objects:
		On entry : 
		On exit  : 
		Unchanged: 
 Data sizes:     COMMON   BANK0   BANK1   BANK3   BANK2
      Params:         0       0       0       0       0
      Locals:         1       0       0       0       0
      Temps:          0       0       0       0       0
      Totals:         1       0       0       0       0
Total ram usage:        1 bytes
 Hardware stack levels used:    1
 Hardware stack levels required when called:    1
 This function calls:
		Nothing
 This function is called by:
		_main
		_Uart_send_string
 This function uses a non-reentrant model


 *************** function _UART_init *****************
 Defined at:
		line 337 in file "main.c"
 Parameters:    Size  Location     Type
  baudrate        2   14[BANK0 ] int 
 Auto vars:     Size  Location     Type
		None
 Return value:  Size  Location     Type
                  1    wreg      void 
 Registers used:
		wreg, status,2, status,0, pclath, cstack
 Tracked objects:
		On entry : 
		On exit  : 
		Unchanged: 
 Data sizes:     COMMON   BANK0   BANK1   BANK3   BANK2
      Params:         0       2       0       0       0
      Locals:         0       0       0       0       0
      Temps:          4       0       0       0       0
      Totals:         4       2       0       0       0
Total ram usage:        6 bytes
 Hardware stack levels used:    1
 Hardware stack levels required when called:    2
 This function calls:
		___aldiv
 This function is called by:
		_main
 This function uses a non-reentrant model


 *************** function ___aldiv *****************
 Defined at:
		line 5 in file "C:\Program Files (x86)\Microchip\xc8\v2.10\pic\sources\c90\common\aldiv.c"
 Parameters:    Size  Location     Type
  divisor         4    0[BANK0 ] long 
  dividend        4    4[BANK0 ] long 
 Auto vars:     Size  Location     Type
  quotient        4   10[BANK0 ] long 
  sign            1    9[BANK0 ] unsigned char 
  counter         1    8[BANK0 ] unsigned char 
 Return value:  Size  Location     Type
                  4    0[BANK0 ] long 
 Registers used:
		wreg, status,2, status,0
 Tracked objects:
		On entry : 
		On exit  : 
		Unchanged: 
 Data sizes:     COMMON   BANK0   BANK1   BANK3   BANK2
      Params:         0       8       0       0       0
      Locals:         0       6       0       0       0
      Temps:          1       0       0       0       0
      Totals:         1      14       0       0       0
Total ram usage:       15 bytes
 Hardware stack levels used:    1
 Hardware stack levels required when called:    1
 This function calls:
		Nothing
 This function is called by:
		_UART_init
 This function uses a non-reentrant model


 *************** function _ISR *****************
 Defined at:
		line 145 in file "main.c"
 Parameters:    Size  Location     Type
		None
 Auto vars:     Size  Location     Type
		None
 Return value:  Size  Location     Type
                  1    wreg      void 
 Registers used:
		wreg, status,2, status,0
 Tracked objects:
		On entry : 
		On exit  : 
		Unchanged: 
 Data sizes:     COMMON   BANK0   BANK1   BANK3   BANK2
      Params:         0       0       0       0       0
      Locals:         0       0       0       0       0
      Temps:          3       0       0       0       0
      Totals:         3       0       0       0       0
Total ram usage:        3 bytes
 Hardware stack levels used:    1
 This function calls:
		Nothing
 This function is called by:
		Interrupt level 1
 This function uses a non-reentrant model



MODULE INFORMATION

Module		Function		Class		Link	Load	Size
C:\Program Files (x86)\Microchip\xc8\v2.10\pic\sources\c90\common\awdiv.c
		___awdiv       		CODE           	031F	0000	106

C:\Program Files (x86)\Microchip\xc8\v2.10\pic\sources\c90\common\awdiv.c estimated size: 106

C:\Program Files (x86)\Microchip\xc8\v2.10\pic\sources\c90\common\aldiv.c
		___aldiv       		CODE           	0203	0000	158

C:\Program Files (x86)\Microchip\xc8\v2.10\pic\sources\c90\common\aldiv.c estimated size: 158

shared
		__stringtab    		STRING         	0500	0000	17
		__initialization		CODE           	000F	0000	57

shared estimated size: 74

C:\Program Files (x86)\Microchip\xc8\v2.10\pic\sources\c90\common\awmod.c
		___awmod       		CODE           	0388	0000	92

C:\Program Files (x86)\Microchip\xc8\v2.10\pic\sources\c90\common\awmod.c estimated size: 92

main.c
		_initPic       		CODE           	051A	0000	16
		_ISR           		CODE           	02A0	0000	128
		_send_cmd      		CODE           	04BF	0000	33
		_UART_init     		CODE           	0485	0000	59
		_main          		CODE           	004B	0000	278
		_Uart_send_string		CODE           	04DF	0000	31
		_init_lcd      		CODE           	03E3	0000	84
		_num_converter 		CODE           	0436	0000	80
		_concatenate   		CODE           	0160	0000	164
		_UART_TxChar   		CODE           	0529	0000	12

main.c estimated size: 885

